// Jest Snapshot v1, https://goo.gl/fbAQLP

exports[`ErrorOccurred renders correctly 1`] = `
<Text
  style={
    Object {
      "fontSize": 20,
      "margin": 10,
      "textAlign": "center",
    }
  }
>
  predicting...
</Text>
`;
